PREHOOK: query: create table t1(a int, b varchar(256), c decimal(10,2)) stored as orc TBLPROPERTIES ('transactional'='true')
PREHOOK: type: CREATETABLE
PREHOOK: Output: database:default
PREHOOK: Output: default@t1
POSTHOOK: query: create table t1(a int, b varchar(256), c decimal(10,2)) stored as orc TBLPROPERTIES ('transactional'='true')
POSTHOOK: type: CREATETABLE
POSTHOOK: Output: database:default
POSTHOOK: Output: default@t1
PREHOOK: query: create table t2(a int, b varchar(256), c decimal(10,2)) stored as orc TBLPROPERTIES ('transactional'='true')
PREHOOK: type: CREATETABLE
PREHOOK: Output: database:default
PREHOOK: Output: default@t2
POSTHOOK: query: create table t2(a int, b varchar(256), c decimal(10,2)) stored as orc TBLPROPERTIES ('transactional'='true')
POSTHOOK: type: CREATETABLE
POSTHOOK: Output: database:default
POSTHOOK: Output: default@t2
PREHOOK: query: insert into t1 values (1, 'alfred', 10.30),(2, 'bob', 3.14),(2, 'bonnie', 172342.2),(3, 'calvin', 978.76),(3, 'charlie', 9.8)
PREHOOK: type: QUERY
PREHOOK: Input: _dummy_database@_dummy_table
PREHOOK: Output: default@t1
POSTHOOK: query: insert into t1 values (1, 'alfred', 10.30),(2, 'bob', 3.14),(2, 'bonnie', 172342.2),(3, 'calvin', 978.76),(3, 'charlie', 9.8)
POSTHOOK: type: QUERY
POSTHOOK: Input: _dummy_database@_dummy_table
POSTHOOK: Output: default@t1
POSTHOOK: Lineage: t1.a SCRIPT []
POSTHOOK: Lineage: t1.b SCRIPT []
POSTHOOK: Lineage: t1.c SCRIPT []
PREHOOK: query: insert into t2 values (3, 'calvin', 978.76),(3, 'charlie', 9.8)
PREHOOK: type: QUERY
PREHOOK: Input: _dummy_database@_dummy_table
PREHOOK: Output: default@t2
POSTHOOK: query: insert into t2 values (3, 'calvin', 978.76),(3, 'charlie', 9.8)
POSTHOOK: type: QUERY
POSTHOOK: Input: _dummy_database@_dummy_table
POSTHOOK: Output: default@t2
POSTHOOK: Lineage: t2.a SCRIPT []
POSTHOOK: Lineage: t2.b SCRIPT []
POSTHOOK: Lineage: t2.c SCRIPT []
Automatic query rewriting is not available for materialized view. LEFT join type is not supported by rewriting algorithm.
PREHOOK: query: create materialized view mat1 as
select t1.a, t1.b, t1.c from t1
left outer join t2 on t1.a = t2.a
PREHOOK: type: CREATE_MATERIALIZED_VIEW
PREHOOK: Input: default@t1
PREHOOK: Input: default@t2
PREHOOK: Output: database:default
PREHOOK: Output: default@mat1
POSTHOOK: query: create materialized view mat1 as
select t1.a, t1.b, t1.c from t1
left outer join t2 on t1.a = t2.a
POSTHOOK: type: CREATE_MATERIALIZED_VIEW
POSTHOOK: Input: default@t1
POSTHOOK: Input: default@t2
POSTHOOK: Output: database:default
POSTHOOK: Output: default@mat1
POSTHOOK: Lineage: mat1.a SIMPLE [(t1)t1.FieldSchema(name:a, type:int, comment:null), ]
POSTHOOK: Lineage: mat1.b SIMPLE [(t1)t1.FieldSchema(name:b, type:varchar(256), comment:null), ]
POSTHOOK: Lineage: mat1.c SIMPLE [(t1)t1.FieldSchema(name:c, type:decimal(10,2), comment:null), ]
PREHOOK: query: describe formatted mat1
PREHOOK: type: DESCTABLE
PREHOOK: Input: default@mat1
POSTHOOK: query: describe formatted mat1
POSTHOOK: type: DESCTABLE
POSTHOOK: Input: default@mat1
# col_name            	data_type           	comment             
a                   	int                 	                    
b                   	varchar(256)        	                    
c                   	decimal(10,2)       	                    
	 	 
# Detailed Table Information	 	 
Database:           	default             	 
#### A masked pattern was here ####
Retention:          	0                   	 
#### A masked pattern was here ####
Table Type:         	MATERIALIZED_VIEW   	 
Table Parameters:	 	 
	COLUMN_STATS_ACCURATE	{\"BASIC_STATS\":\"true\",\"COLUMN_STATS\":{\"a\":\"true\",\"b\":\"true\",\"c\":\"true\"}}
	bucketing_version   	2                   
	numFiles            	1                   
	numRows             	7                   
	rawDataSize         	1435                
	totalSize           	538                 
#### A masked pattern was here ####
	 	 
# Storage Information	 	 
SerDe Library:      	org.apache.hadoop.hive.ql.io.orc.OrcSerde	 
InputFormat:        	org.apache.hadoop.hive.ql.io.orc.OrcInputFormat	 
OutputFormat:       	org.apache.hadoop.hive.ql.io.orc.OrcOutputFormat	 
Compressed:         	No                  	 
Num Buckets:        	-1                  	 
Bucket Columns:     	[]                  	 
Sort Columns:       	[]                  	 
	 	 
# Materialized View Information	 	 
Original Query:     	select t1.a, t1.b, t1.c from t1	 
	                    	left outer join t2 on t1.a = t2.a
Expanded Query:     	select `t1`.`a`, `t1`.`b`, `t1`.`c` from `default`.`t1`	 
	                    	left outer join `default`.`t2` on `t1`.`a` = `t2`.`a`
Rewrite Enabled:    	No                  	 
Outdated for Rewriting:	No                  	 
