PREHOOK: query: CREATE TABLE invites (foo INT, bar STRING) PARTITIONED BY (ds STRING)
PREHOOK: type: CREATETABLE
PREHOOK: Output: database:default
PREHOOK: Output: default@invites
POSTHOOK: query: CREATE TABLE invites (foo INT, bar STRING) PARTITIONED BY (ds STRING)
POSTHOOK: type: CREATETABLE
POSTHOOK: Output: database:default
POSTHOOK: Output: default@invites
PREHOOK: query: ALTER VIEW invites RENAME TO invites2
PREHOOK: type: ALTERVIEW_RENAME
PREHOOK: Input: default@invites
PREHOOK: Output: database:default
PREHOOK: Output: default@invites2
POSTHOOK: query: ALTER VIEW invites RENAME TO invites2
POSTHOOK: type: ALTERVIEW_RENAME
POSTHOOK: Input: default@invites
POSTHOOK: Output: database:default
POSTHOOK: Output: default@invites2
FAILED: AssertionError java.lang.AssertionError: Client Execution was expected to fail, but succeeded with error code 0 for fname=alter_view_failure8.q 
See ./ql/target/tmp/log/hive.log or ./itests/qtest/target/tmp/log/hive.log, or check ./ql/target/surefire-reports or ./itests/qtest/target/surefire-reports/ for specific test cases logs.
